BL51 BANKED LINKER/LOCATER V6.22                                                        04/09/2018  00:45:41  PAGE 1


BL51 BANKED LINKER/LOCATER V6.22, INVOKED BY:
C:\KEIL_V5_C51\C51\BIN\BL51.EXE main.obj TO CH559 RAMSIZE (256)


MEMORY MODEL: LARGE


INPUT MODULES INCLUDED:
  main.obj (MAIN)
  C:\KEIL_V5_C51\C51\LIB\C51L.LIB (?C_STARTUP)
  C:\KEIL_V5_C51\C51\LIB\C51L.LIB (?C?ULDIV)
  C:\KEIL_V5_C51\C51\LIB\C51L.LIB (?C?LSTXDATA)
  C:\KEIL_V5_C51\C51\LIB\C51L.LIB (?C?LSTKXDATA)
  C:\KEIL_V5_C51\C51\LIB\C51L.LIB (PRINTF)
  C:\KEIL_V5_C51\C51\LIB\C51L.LIB (?C?CLDPTR)
  C:\KEIL_V5_C51\C51\LIB\C51L.LIB (?C?CLDOPTR)
  C:\KEIL_V5_C51\C51\LIB\C51L.LIB (?C?CSTPTR)
  C:\KEIL_V5_C51\C51\LIB\C51L.LIB (?C?PLDIXDATA)
  C:\KEIL_V5_C51\C51\LIB\C51L.LIB (?C?PSTXDATA)
  C:\KEIL_V5_C51\C51\LIB\C51L.LIB (?C?CCASE)
  C:\KEIL_V5_C51\C51\LIB\C51L.LIB (PUTCHAR)


LINK MAP OF MODULE:  CH559 (MAIN)


            TYPE    BASE      LENGTH    RELOCATION   SEGMENT NAME
            -----------------------------------------------------

            * * * * * * *   D A T A   M E M O R Y   * * * * * * *
            REG     0000H     0008H     ABSOLUTE     "REG BANK 0"
            REG     0008H     0008H     ABSOLUTE     "REG BANK 1"
            DATA    0010H     000AH     UNIT         _DATA_GROUP_
                    001AH     0006H                  *** GAP ***
            BIT     0020H.0   0002H.2   UNIT         _BIT_GROUP_
                    0022H.2   0000H.6                *** GAP ***
            IDATA   0023H     0001H     UNIT         ?STACK

            * * * * * * *  X D A T A   M E M O R Y  * * * * * * *
            XDATA   0000H     0050H     UNIT         _XDATA_GROUP_
                    0050H     23F6H                  *** GAP ***
            XDATA   2446H     0001H     ABSOLUTE     
            XDATA   2447H     0001H     ABSOLUTE     
            XDATA   2448H     0001H     ABSOLUTE     
            XDATA   2449H     0001H     ABSOLUTE     
            XDATA   244AH     0001H     ABSOLUTE     
            XDATA   244BH     0001H     ABSOLUTE     
            XDATA   244CH     0001H     ABSOLUTE     
            XDATA   244DH     0001H     ABSOLUTE     
            XDATA   244EH     0001H     ABSOLUTE     
            XDATA   244FH     0001H     ABSOLUTE     
                    2450H     00F6H                  *** GAP ***
            XDATA   2546H     0001H     ABSOLUTE     
            XDATA   2547H     0001H     ABSOLUTE     
            XDATA   2548H     0001H     ABSOLUTE     
            XDATA   2549H     0001H     ABSOLUTE     
            XDATA   254AH     0001H     ABSOLUTE     
            XDATA   254BH     0001H     ABSOLUTE     
BL51 BANKED LINKER/LOCATER V6.22                                                      04/09/2018  00:45:41  PAGE 2


            XDATA   254CH     0001H     ABSOLUTE     
            XDATA   254DH     0001H     ABSOLUTE     
            XDATA   254EH     0001H     ABSOLUTE     
            XDATA   254FH     0001H     ABSOLUTE     
                    2550H     0330H                  *** GAP ***
            XDATA   2880H     0001H     ABSOLUTE     
            XDATA   2881H     0001H     ABSOLUTE     
            XDATA   2882H     0001H     ABSOLUTE     
            XDATA   2883H     0001H     ABSOLUTE     
            XDATA   2884H     0001H     ABSOLUTE     
            XDATA   2885H     0001H     ABSOLUTE     
            XDATA   2886H     0001H     ABSOLUTE     
                    2887H     0001H                  *** GAP ***
            XDATA   2888H     0001H     ABSOLUTE     
            XDATA   2889H     0001H     ABSOLUTE     
                    288AH     00F6H                  *** GAP ***
            XDATA   2980H     0001H     ABSOLUTE     
            XDATA   2981H     0001H     ABSOLUTE     
            XDATA   2982H     0001H     ABSOLUTE     
            XDATA   2983H     0001H     ABSOLUTE     
            XDATA   2984H     0001H     ABSOLUTE     
            XDATA   2985H     0001H     ABSOLUTE     
            XDATA   2986H     0001H     ABSOLUTE     
                    2987H     0001H                  *** GAP ***
            XDATA   2988H     0001H     ABSOLUTE     
            XDATA   2989H     0001H     ABSOLUTE     

            * * * * * * *   C O D E   M E M O R Y   * * * * * * *
            CODE    0000H     0003H     ABSOLUTE     
            CODE    0003H     0040H     UNIT         ?PR?MAIN?MAIN
            CODE    0043H     0017H     UNIT         ?PR?_MDELAYMS?MAIN
            CODE    005AH     0008H     UNIT         ?PR?CH559UART0RCVBYTE?MAIN
                    0062H     0001H                  *** GAP ***
            CODE    0063H     0003H     ABSOLUTE     
            CODE    0066H     0365H     UNIT         ?PR?PRINTF?PRINTF
            CODE    03CBH     01A9H     UNIT         ?C?LIB_CODE
            CODE    0574H     0134H     UNIT         ?PR?_CH559GPIOMODESELT?MAIN
            CODE    06A8H     0095H     UNIT         ?PR?MINITSTDIO?MAIN
            CODE    073DH     002EH     UNIT         ?PR?_CH559GPIODRIVCAP?MAIN
            CODE    076BH     002BH     UNIT         ?PR?GPIOINTERRUPT?MAIN
            CODE    0796H     0027H     UNIT         ?PR?PUTCHAR?PUTCHAR
            CODE    07BDH     0017H     UNIT         ?CO?MAIN
            CODE    07D4H     000EH     UNIT         ?PR?_MDELAYUS?MAIN
            CODE    07E2H     000DH     UNIT         ?PR?CH559UART0ALTER?MAIN
            CODE    07EFH     000CH     UNIT         ?C_C51STARTUP
            CODE    07FBH     000AH     UNIT         ?PR?CFGFSYS?MAIN
            CODE    0805H     000AH     UNIT         ?PR?CH559P4MODE?MAIN
            CODE    080FH     0008H     UNIT         ?PR?_CH559UART0SENDBYTE?MAIN
            CODE    0817H     0007H     UNIT         ?PR?CH559GPIOINTERRUPTINIT?MAIN



OVERLAY MAP OF MODULE:   CH559 (MAIN)


SEGMENT                                    BIT_GROUP          DATA_GROUP          XDATA_GROUP
  +--> CALLED SEGMENT                   START    LENGTH     START    LENGTH     START    LENGTH
BL51 BANKED LINKER/LOCATER V6.22                                                      04/09/2018  00:45:41  PAGE 3


-----------------------------------------------------------------------------------------------
?PR?GPIOINTERRUPT?MAIN                  -----    -----      -----    -----      -----    -----
  +--> ?CO?MAIN
  +--> ?PR?PRINTF?PRINTF

?PR?PRINTF?PRINTF                       0021H.1  0001H.1    0015H    0005H      0028H    0028H
  +--> ?PR?PUTCHAR?PUTCHAR

*** NEW ROOT ***************************************************

?C_C51STARTUP                           -----    -----      -----    -----      -----    -----
  +--> ?PR?MAIN?MAIN

?PR?MAIN?MAIN                           -----    -----      -----    -----      -----    -----
  +--> ?PR?_MDELAYMS?MAIN
  +--> ?PR?MINITSTDIO?MAIN
  +--> ?CO?MAIN
  +--> ?PR?PRINTF?PRINTF
  +--> ?PR?CH559GPIOINTERRUPTINIT?MAIN
  +--> ?PR?_CH559GPIOMODESELT?MAIN

?PR?_MDELAYMS?MAIN                      -----    -----      -----    -----      -----    -----
  +--> ?PR?_MDELAYUS?MAIN

?PR?MINITSTDIO?MAIN                     -----    -----      -----    -----      0028H    0005H



SYMBOL TABLE OF MODULE:  CH559 (MAIN)

  VALUE           TYPE          NAME
  ----------------------------------

  -------         MODULE        MAIN
  C:0000H         SYMBOL        _ICE_DUMMY_
  X:2989H         PUBLIC        pLED_DMA_XL
  B:00C0H.0       PUBLIC        RXD1_
  D:0080H         PUBLIC        P0
  D:0090H         PUBLIC        P1
  D:00A0H         PUBLIC        P2
  D:00B0H         PUBLIC        P3
  C:0574H         PUBLIC        _CH559GPIOModeSelt
  C:076BH         PUBLIC        GPIOInterrupt
  D:00C5H         PUBLIC        P0_PU
  B:00A8H.7       PUBLIC        EA
  D:00BBH         PUBLIC        P1_PU
  D:00BDH         PUBLIC        P2_PU
  D:00BFH         PUBLIC        P3_PU
  C:06A8H         PUBLIC        mInitSTDIO
  X:2888H         PUBLIC        LED_DMA_XH
  D:00C3H         PUBLIC        P4_PU
  D:00E8H         PUBLIC        IE_EX
  X:2889H         PUBLIC        LED_DMA_XL
  D:00A8H         PUBLIC        IE
  C:073DH         PUBLIC        _CH559GPIODrivCap
  D:00A2H         PUBLIC        XBUS_AUX
  D:00B8H         PUBLIC        IP
BL51 BANKED LINKER/LOCATER V6.22                                                      04/09/2018  00:45:41  PAGE 4


  C:07E2H         PUBLIC        CH559UART0Alter
  B:0098H.0       PUBLIC        RI
  B:0098H.1       PUBLIC        TI
  D:00CFH         PUBLIC        GPIO_IE
  B:00E8H.6       PUBLIC        IE_GPIO
  C:0043H         PUBLIC        _mDelaymS
  D:00D8H         PUBLIC        USB_INT_FG
  C:0003H         PUBLIC        main
  C:07D4H         PUBLIC        _mDelayuS
  B:00C8H.5       PUBLIC        RCLK
  X:2983H         PUBLIC        pLED_CK_SE
  B:00C8H.4       PUBLIC        TCLK
  D:0099H         PUBLIC        SBUF
  D:0087H         PUBLIC        PCON
  D:0098H         PUBLIC        SCON
  D:0089H         PUBLIC        TMOD
  D:0088H         PUBLIC        TCON
  C:07FBH         PUBLIC        CfgFsys
  D:00F8H         PUBLIC        SPI0_STAT
  C:0805H         PUBLIC        CH559P4Mode
  X:2883H         PUBLIC        LED_CK_SE
  D:00C4H         PUBLIC        P0_DIR
  D:00BAH         PUBLIC        P1_DIR
  C:080FH         PUBLIC        _CH559UART0SendByte
  X:2982H         PUBLIC        pLED_DATA
  D:00BCH         PUBLIC        P2_DIR
  D:00BEH         PUBLIC        P3_DIR
  D:00C2H         PUBLIC        P4_DIR
  C:0817H         PUBLIC        CH559GPIOInterruptInit
  D:008DH         PUBLIC        TH1
  B:0098H.7       PUBLIC        SM0
  X:2882H         PUBLIC        LED_DATA
  B:0098H.6       PUBLIC        SM1
  B:0098H.5       PUBLIC        SM2
  B:0090H.4       PUBLIC        LED
  B:0088H.6       PUBLIC        TR1
  X:2981H         PUBLIC        pLED_CTRL
  D:0091H         PUBLIC        SER1_IER
  D:00C0H         PUBLIC        P4_OUT
  D:00A1H         PUBLIC        SAFE_MOD
  C:005AH         PUBLIC        CH559UART0RcvByte
  X:2547H         PUBLIC        pUEP2_3_MOD
  X:2546H         PUBLIC        pUEP4_1_MOD
  X:2984H         PUBLIC        pLED_DMA_AH
  X:2980H         PUBLIC        pLED_STAT
  B:0098H.4       PUBLIC        REN
  X:2985H         PUBLIC        pLED_DMA_AL
  X:2548H         PUBLIC        pUEP0_DMA_H
  D:00C9H         PUBLIC        T2MOD
  D:00C8H         PUBLIC        T2CON
  X:254AH         PUBLIC        pUEP1_DMA_H
  X:254CH         PUBLIC        pUEP2_DMA_H
  X:254EH         PUBLIC        pUEP3_DMA_H
  X:2986H         PUBLIC        pLED_DMA_CN
  X:2549H         PUBLIC        pUEP0_DMA_L
  X:2881H         PUBLIC        LED_CTRL
  X:254BH         PUBLIC        pUEP1_DMA_L
BL51 BANKED LINKER/LOCATER V6.22                                                      04/09/2018  00:45:41  PAGE 5


  X:254DH         PUBLIC        pUEP2_DMA_L
  X:254FH         PUBLIC        pUEP3_DMA_L
  X:2447H         PUBLIC        UEP2_3_MOD
  X:2446H         PUBLIC        UEP4_1_MOD
  X:2884H         PUBLIC        LED_DMA_AH
  X:2880H         PUBLIC        LED_STAT
  D:00CEH         PUBLIC        PIN_FUNC
  X:2885H         PUBLIC        LED_DMA_AL
  X:2448H         PUBLIC        UEP0_DMA_H
  X:244AH         PUBLIC        UEP1_DMA_H
  D:00C6H         PUBLIC        PORT_CFG
  X:244CH         PUBLIC        UEP2_DMA_H
  X:244EH         PUBLIC        UEP3_DMA_H
  X:2988H         PUBLIC        pLED_DMA_XH
  X:2886H         PUBLIC        LED_DMA_CN
  X:2449H         PUBLIC        UEP0_DMA_L
  D:00D0H         PUBLIC        PSW
  X:244BH         PUBLIC        UEP1_DMA_L
  X:244DH         PUBLIC        UEP2_DMA_L
  D:00C7H         PUBLIC        P5_IN
  X:244FH         PUBLIC        UEP3_DMA_L
  -------         PROC          CFGFSYS
  C:07FBH         LINE#         28
  C:07FBH         LINE#         29
  C:07FBH         LINE#         30
  C:07FEH         LINE#         31
  C:0801H         LINE#         40
  C:0804H         LINE#         42
  -------         ENDPROC       CFGFSYS
  -------         PROC          _MDELAYUS
  D:0006H         SYMBOL        n
  C:07D4H         LINE#         51
  C:07D4H         LINE#         52
  C:07D4H         LINE#         53
  C:07D8H         LINE#         54
  C:07DAH         LINE#         123
  C:07DFH         LINE#         124
  C:07E1H         LINE#         125
  -------         ENDPROC       _MDELAYUS
  -------         PROC          _MDELAYMS
  D:0004H         SYMBOL        n
  C:0043H         LINE#         134
  C:0047H         LINE#         135
  C:0047H         LINE#         136
  C:004BH         LINE#         137
  C:004BH         LINE#         138
  C:0052H         LINE#         139
  C:0057H         LINE#         140
  C:0059H         LINE#         141
  -------         ENDPROC       _MDELAYMS
  -------         PROC          CH559UART0ALTER
  C:07E2H         LINE#         150
  C:07E2H         LINE#         151
  C:07E2H         LINE#         152
  C:07E5H         LINE#         153
  C:07E8H         LINE#         154
  C:07EBH         LINE#         155
BL51 BANKED LINKER/LOCATER V6.22                                                      04/09/2018  00:45:41  PAGE 6


  C:07EEH         LINE#         156
  -------         ENDPROC       CH559UART0ALTER
  -------         PROC          MINITSTDIO
  -------         DO            
  X:0028H         SYMBOL        x
  X:002CH         SYMBOL        x2
  -------         ENDDO         
  C:06A8H         LINE#         166
  C:06A8H         LINE#         167
  C:06A8H         LINE#         171
  C:06AAH         LINE#         172
  C:06ACH         LINE#         173
  C:06AEH         LINE#         175
  C:06B0H         LINE#         176
  C:06B2H         LINE#         177
  C:06B5H         LINE#         178
  C:06BFH         LINE#         179
  C:06DBH         LINE#         180
  C:06F8H         LINE#         181
  C:0720H         LINE#         183
  C:0728H         LINE#         184
  C:072BH         LINE#         185
  C:0736H         LINE#         186
  C:0738H         LINE#         187
  C:073AH         LINE#         188
  C:073CH         LINE#         189
  -------         ENDPROC       MINITSTDIO
  -------         PROC          CH559UART0RCVBYTE
  C:005AH         LINE#         198
  C:005AH         LINE#         199
  C:005AH         LINE#         200
  C:005DH         LINE#         201
  C:005FH         LINE#         202
  C:0061H         LINE#         203
  -------         ENDPROC       CH559UART0RCVBYTE
  -------         PROC          _CH559UART0SENDBYTE
  D:0007H         SYMBOL        SendDat
  C:080FH         LINE#         212
  C:080FH         LINE#         213
  C:080FH         LINE#         214
  C:0811H         LINE#         215
  C:0814H         LINE#         216
  C:0816H         LINE#         217
  -------         ENDPROC       _CH559UART0SENDBYTE
  -------         PROC          _CH559GPIODRIVCAP
  D:0007H         SYMBOL        Port
  D:0005H         SYMBOL        Cap
  C:073DH         LINE#         29
  C:073DH         LINE#         30
  C:073DH         LINE#         31
  C:0743H         LINE#         32
  C:0746H         LINE#         33
  C:0746H         LINE#         34
  C:0749H         LINE#         35
  C:0758H         LINE#         36
  C:075AH         LINE#         37
  C:075AH         LINE#         38
BL51 BANKED LINKER/LOCATER V6.22                                                      04/09/2018  00:45:41  PAGE 7


  C:0768H         LINE#         39
  C:0768H         LINE#         40
  C:076AH         LINE#         41
  -------         ENDPROC       _CH559GPIODRIVCAP
  -------         PROC          _CH559GPIOMODESELT
  D:0001H         SYMBOL        Port
  D:0005H         SYMBOL        Mode
  D:0003H         SYMBOL        PinNum
  -------         DO            
  D:0006H         SYMBOL        Pn_DIR
  D:0004H         SYMBOL        Pn_PU
  -------         ENDDO         
  C:0574H         LINE#         60
  C:0577H         LINE#         61
  C:0577H         LINE#         63
  C:057DH         LINE#         64
  C:0580H         LINE#         65
  C:0580H         LINE#         67
  C:05A5H         LINE#         68
  C:05A5H         LINE#         69
  C:05B4H         LINE#         70
  C:05C0H         LINE#         71
  C:05C0H         LINE#         72
  C:05C2H         LINE#         73
  C:05C2H         LINE#         74
  C:05D1H         LINE#         75
  C:05DDH         LINE#         76
  C:05DDH         LINE#         77
  C:05E0H         LINE#         78
  C:05E0H         LINE#         79
  C:05EFH         LINE#         80
  C:05FEH         LINE#         81
  C:0601H         LINE#         82
  C:0601H         LINE#         83
  C:060FH         LINE#         84
  C:061FH         LINE#         85
  C:0622H         LINE#         86
  C:0624H         LINE#         87
  C:0624H         LINE#         88
  C:0632H         LINE#         89
  C:0641H         LINE#         90
  C:0645H         LINE#         91
  C:0647H         LINE#         92
  C:0647H         LINE#         93
  C:0655H         LINE#         94
  C:0664H         LINE#         95
  C:0664H         LINE#         96
  C:0666H         LINE#         97
  C:0666H         LINE#         98
  C:0674H         LINE#         99
  C:0683H         LINE#         100
  C:0686H         LINE#         101
  C:0686H         LINE#         102
  C:0686H         LINE#         103
  C:0686H         LINE#         104
  C:0686H         LINE#         105
  C:0689H         LINE#         106
BL51 BANKED LINKER/LOCATER V6.22                                                      04/09/2018  00:45:41  PAGE 8


  C:068BH         LINE#         107
  C:068DH         LINE#         108
  C:068DH         LINE#         109
  C:0691H         LINE#         110
  C:0693H         LINE#         111
  C:0695H         LINE#         112
  C:0695H         LINE#         113
  C:0699H         LINE#         114
  C:069BH         LINE#         115
  C:069DH         LINE#         116
  C:069DH         LINE#         117
  C:06A1H         LINE#         118
  C:06A3H         LINE#         119
  C:06A5H         LINE#         120
  C:06A5H         LINE#         121
  C:06A7H         LINE#         122
  -------         ENDPROC       _CH559GPIOMODESELT
  -------         PROC          CH559P4MODE
  C:0805H         LINE#         131
  C:0805H         LINE#         132
  C:0805H         LINE#         133
  C:0808H         LINE#         134
  C:080BH         LINE#         135
  C:080EH         LINE#         136
  -------         ENDPROC       CH559P4MODE
  -------         PROC          CH559GPIOINTERRUPTINIT
  C:0817H         LINE#         145
  C:0817H         LINE#         146
  C:0817H         LINE#         147
  C:081AH         LINE#         148
  C:081DH         LINE#         149
  -------         ENDPROC       CH559GPIOINTERRUPTINIT
  -------         PROC          GPIOINTERRUPT
  C:076BH         LINE#         158
  C:0778H         LINE#         161
  C:078BH         LINE#         163
  -------         ENDPROC       GPIOINTERRUPT
  -------         PROC          MAIN
  C:0003H         LINE#         3
  C:0003H         LINE#         4
  C:0003H         LINE#         6
  C:000AH         LINE#         7
  C:000DH         LINE#         9
  C:0010H         LINE#         10
  C:0019H         LINE#         12
  C:001CH         LINE#         13
  C:001FH         LINE#         14
  C:0021H         LINE#         15
  C:0024H         LINE#         16
  C:0026H         LINE#         17
  C:0028H         LINE#         23
  C:0028H         LINE#         24
  C:002FH         LINE#         26
  C:0036H         LINE#         28
  C:0038H         LINE#         29
  C:003FH         LINE#         30
  C:0041H         LINE#         31
BL51 BANKED LINKER/LOCATER V6.22                                                      04/09/2018  00:45:41  PAGE 9


  -------         ENDPROC       MAIN
  -------         ENDMOD        MAIN

  -------         MODULE        ?C?ULDIV
  C:0407H         PUBLIC        ?C?ULDIV
  -------         ENDMOD        ?C?ULDIV

  -------         MODULE        ?C?LSTXDATA
  C:0499H         PUBLIC        ?C?LSTXDATA
  -------         ENDMOD        ?C?LSTXDATA

  -------         MODULE        ?C?LSTKXDATA
  C:04A5H         PUBLIC        ?C?LSTKXDATA
  -------         ENDMOD        ?C?LSTKXDATA

  -------         MODULE        PRINTF
  X:0028H         PUBLIC        ?_PRINTF517?BYTE
  X:0028H         PUBLIC        ?_PRINTF?BYTE
  X:0028H         PUBLIC        ?_SPRINTF517?BYTE
  X:0028H         PUBLIC        ?_SPRINTF?BYTE
  C:00D1H         PUBLIC        _PRINTF
  C:00D1H         PUBLIC        _PRINTF517
  C:00CBH         PUBLIC        _SPRINTF
  C:00CBH         PUBLIC        _SPRINTF517
  -------         ENDMOD        PRINTF

  -------         MODULE        ?C?CLDPTR
  C:04D6H         PUBLIC        ?C?CLDPTR
  -------         ENDMOD        ?C?CLDPTR

  -------         MODULE        ?C?CLDOPTR
  C:04EFH         PUBLIC        ?C?CLDOPTR
  -------         ENDMOD        ?C?CLDOPTR

  -------         MODULE        ?C?CSTPTR
  C:051CH         PUBLIC        ?C?CSTPTR
  -------         ENDMOD        ?C?CSTPTR

  -------         MODULE        ?C?PLDIXDATA
  C:052EH         PUBLIC        ?C?PLDIXDATA
  -------         ENDMOD        ?C?PLDIXDATA

  -------         MODULE        ?C?PSTXDATA
  C:0545H         PUBLIC        ?C?PSTXDATA
  -------         ENDMOD        ?C?PSTXDATA

  -------         MODULE        ?C?CCASE
  C:054EH         PUBLIC        ?C?CCASE
  -------         ENDMOD        ?C?CCASE

  -------         MODULE        PUTCHAR
  C:0796H         PUBLIC        _PUTCHAR
  -------         ENDMOD        PUTCHAR

*** WARNING L16: UNCALLED SEGMENT, IGNORED FOR OVERLAY PROCESS
    SEGMENT: ?PR?CFGFSYS?MAIN

BL51 BANKED LINKER/LOCATER V6.22                                                      04/09/2018  00:45:41  PAGE 10


*** WARNING L16: UNCALLED SEGMENT, IGNORED FOR OVERLAY PROCESS
    SEGMENT: ?PR?CH559UART0ALTER?MAIN

*** WARNING L16: UNCALLED SEGMENT, IGNORED FOR OVERLAY PROCESS
    SEGMENT: ?PR?CH559UART0RCVBYTE?MAIN

*** WARNING L16: UNCALLED SEGMENT, IGNORED FOR OVERLAY PROCESS
    SEGMENT: ?PR?_CH559UART0SENDBYTE?MAIN

*** WARNING L16: UNCALLED SEGMENT, IGNORED FOR OVERLAY PROCESS
    SEGMENT: ?PR?_CH559GPIODRIVCAP?MAIN

*** WARNING L16: UNCALLED SEGMENT, IGNORED FOR OVERLAY PROCESS
    SEGMENT: ?PR?CH559P4MODE?MAIN

*** WARNING L15: MULTIPLE CALL TO SEGMENT
    SEGMENT: ?PR?PRINTF?PRINTF
    CALLER1: ?PR?GPIOINTERRUPT?MAIN
    CALLER2: ?C_C51STARTUP

Program Size: data=29.2 xdata=118 code=2077
LINK/LOCATE RUN COMPLETE.  7 WARNING(S),  0 ERROR(S)
